Archive member included to satisfy reference by file (symbol)

c:/program files (x86)/atmel/studio/7.0/toolchain/avr8/avr8-gnu-toolchain/bin/../lib/gcc/avr/5.4.0/avr5\libgcc.a(_exit.o)
                              C:/Program Files (x86)/Atmel/Studio/7.0/Packs/atmel/ATmega_DFP/1.6.364/gcc/dev/atmega328p/avr5/crtatmega328p.o (exit)
c:/program files (x86)/atmel/studio/7.0/toolchain/avr8/avr8-gnu-toolchain/bin/../lib/gcc/avr/5.4.0/avr5\libgcc.a(_tablejump2.o)
                              AVR_FreeRTOS/timers.o (__tablejump2__)
c:/program files (x86)/atmel/studio/7.0/toolchain/avr8/avr8-gnu-toolchain/bin/../lib/gcc/avr/5.4.0/avr5\libgcc.a(_copy_data.o)
                              AVR_FreeRTOS/tasks.o (__do_copy_data)
c:/program files (x86)/atmel/studio/7.0/toolchain/avr8/avr8-gnu-toolchain/bin/../lib/gcc/avr/5.4.0/avr5\libgcc.a(_clear_bss.o)
                              AVR_FreeRTOS/tasks.o (__do_clear_bss)
c:/program files (x86)/atmel/studio/7.0/toolchain/avr8/avr8-gnu-toolchain/bin/../lib/gcc/avr/5.4.0/../../../../avr/lib/avr5\libc.a(malloc.o)
                              AVR_FreeRTOS/heap_3.o (malloc)
c:/program files (x86)/atmel/studio/7.0/toolchain/avr8/avr8-gnu-toolchain/bin/../lib/gcc/avr/5.4.0/../../../../avr/lib/avr5\libc.a(memcpy.o)
                              AVR_FreeRTOS/queue.o (memcpy)
c:/program files (x86)/atmel/studio/7.0/toolchain/avr8/avr8-gnu-toolchain/bin/../lib/gcc/avr/5.4.0/../../../../avr/lib/avr5\libc.a(memset.o)
                              AVR_FreeRTOS/tasks.o (memset)

Allocating common symbols
Common symbol       size              file

__brkval            0x2               c:/program files (x86)/atmel/studio/7.0/toolchain/avr8/avr8-gnu-toolchain/bin/../lib/gcc/avr/5.4.0/../../../../avr/lib/avr5\libc.a(malloc.o)
__flp               0x2               c:/program files (x86)/atmel/studio/7.0/toolchain/avr8/avr8-gnu-toolchain/bin/../lib/gcc/avr/5.4.0/../../../../avr/lib/avr5\libc.a(malloc.o)

Discarded input sections

 .data          0x00000000        0x0 C:/Program Files (x86)/Atmel/Studio/7.0/Packs/atmel/ATmega_DFP/1.6.364/gcc/dev/atmega328p/avr5/crtatmega328p.o
 .bss           0x00000000        0x0 C:/Program Files (x86)/Atmel/Studio/7.0/Packs/atmel/ATmega_DFP/1.6.364/gcc/dev/atmega328p/avr5/crtatmega328p.o
 .text          0x00000000        0x0 AVR_FreeRTOS/croutine.o
 .data          0x00000000        0x0 AVR_FreeRTOS/croutine.o
 .bss           0x00000000        0x0 AVR_FreeRTOS/croutine.o
 .debug_info    0x00000000       0x64 AVR_FreeRTOS/croutine.o
 .debug_abbrev  0x00000000       0x26 AVR_FreeRTOS/croutine.o
 .debug_aranges
                0x00000000       0x18 AVR_FreeRTOS/croutine.o
 .debug_line    0x00000000       0x1a AVR_FreeRTOS/croutine.o
 .debug_str     0x00000000      0x184 AVR_FreeRTOS/croutine.o
 .comment       0x00000000       0x31 AVR_FreeRTOS/croutine.o
 .text          0x00000000        0x0 AVR_FreeRTOS/event_groups.o
 .data          0x00000000        0x0 AVR_FreeRTOS/event_groups.o
 .bss           0x00000000        0x0 AVR_FreeRTOS/event_groups.o
 .text.prvTestWaitCondition
                0x00000000       0x26 AVR_FreeRTOS/event_groups.o
 .text.xEventGroupCreate
                0x00000000       0x26 AVR_FreeRTOS/event_groups.o
 .text.xEventGroupWaitBits
                0x00000000       0xe4 AVR_FreeRTOS/event_groups.o
 .text.xEventGroupClearBits
                0x00000000       0x1e AVR_FreeRTOS/event_groups.o
 .text.xEventGroupGetBitsFromISR
                0x00000000        0x8 AVR_FreeRTOS/event_groups.o
 .text.xEventGroupSetBits
                0x00000000       0xc8 AVR_FreeRTOS/event_groups.o
 .text.xEventGroupSync
                0x00000000       0xd6 AVR_FreeRTOS/event_groups.o
 .text.vEventGroupDelete
                0x00000000       0x2e AVR_FreeRTOS/event_groups.o
 .text.vEventGroupSetBitsCallback
                0x00000000        0x8 AVR_FreeRTOS/event_groups.o
 .text.vEventGroupClearBitsCallback
                0x00000000        0x8 AVR_FreeRTOS/event_groups.o
 .debug_info    0x00000000      0x8f7 AVR_FreeRTOS/event_groups.o
 .debug_abbrev  0x00000000      0x1dc AVR_FreeRTOS/event_groups.o
 .debug_loc     0x00000000      0xb41 AVR_FreeRTOS/event_groups.o
 .debug_aranges
                0x00000000       0x68 AVR_FreeRTOS/event_groups.o
 .debug_ranges  0x00000000       0x70 AVR_FreeRTOS/event_groups.o
 .debug_line    0x00000000      0x407 AVR_FreeRTOS/event_groups.o
 .debug_str     0x00000000      0x5b0 AVR_FreeRTOS/event_groups.o
 .comment       0x00000000       0x31 AVR_FreeRTOS/event_groups.o
 .debug_frame   0x00000000      0x15c AVR_FreeRTOS/event_groups.o
 .text          0x00000000        0x0 AVR_FreeRTOS/heap_3.o
 .data          0x00000000        0x0 AVR_FreeRTOS/heap_3.o
 .bss           0x00000000        0x0 AVR_FreeRTOS/heap_3.o
 .text          0x00000000        0x0 AVR_FreeRTOS/hooks.o
 .data          0x00000000        0x0 AVR_FreeRTOS/hooks.o
 .bss           0x00000000        0x0 AVR_FreeRTOS/hooks.o
 .text          0x00000000        0x0 AVR_FreeRTOS/library.o
 .data          0x00000000        0x0 AVR_FreeRTOS/library.o
 .bss           0x00000000        0x0 AVR_FreeRTOS/library.o
 .text.myfunc   0x00000000        0x6 AVR_FreeRTOS/library.o
 .debug_info    0x00000000       0x7c AVR_FreeRTOS/library.o
 .debug_abbrev  0x00000000       0x46 AVR_FreeRTOS/library.o
 .debug_aranges
                0x00000000       0x20 AVR_FreeRTOS/library.o
 .debug_ranges  0x00000000       0x10 AVR_FreeRTOS/library.o
 .debug_line    0x00000000       0x4d AVR_FreeRTOS/library.o
 .debug_str     0x00000000      0x17c AVR_FreeRTOS/library.o
 .comment       0x00000000       0x31 AVR_FreeRTOS/library.o
 .debug_frame   0x00000000       0x24 AVR_FreeRTOS/library.o
 .text          0x00000000        0x0 AVR_FreeRTOS/list.o
 .data          0x00000000        0x0 AVR_FreeRTOS/list.o
 .bss           0x00000000        0x0 AVR_FreeRTOS/list.o
 .text          0x00000000        0x0 AVR_FreeRTOS/port.o
 .data          0x00000000        0x0 AVR_FreeRTOS/port.o
 .bss           0x00000000        0x0 AVR_FreeRTOS/port.o
 .text.vPortEndScheduler
                0x00000000       0x18 AVR_FreeRTOS/port.o
 .text.vPortYieldFromISR
                0x00000000       0xb2 AVR_FreeRTOS/port.o
 .text          0x00000000        0x0 AVR_FreeRTOS/queue.o
 .data          0x00000000        0x0 AVR_FreeRTOS/queue.o
 .bss           0x00000000        0x0 AVR_FreeRTOS/queue.o
 .text.prvGetDisinheritPriorityAfterTimeout
                0x00000000       0x20 AVR_FreeRTOS/queue.o
 .text.xQueueCreateCountingSemaphore
                0x00000000       0x18 AVR_FreeRTOS/queue.o
 .text.prvInitialiseMutex
                0x00000000       0x20 AVR_FreeRTOS/queue.o
 .text.xQueueCreateMutex
                0x00000000       0x1c AVR_FreeRTOS/queue.o
 .text.xQueueGiveMutexRecursive
                0x00000000       0x46 AVR_FreeRTOS/queue.o
 .text.xQueueGiveFromISR
                0x00000000       0x52 AVR_FreeRTOS/queue.o
 .text.xQueueSemaphoreTake
                0x00000000      0x162 AVR_FreeRTOS/queue.o
 .text.xQueueTakeMutexRecursive
                0x00000000       0x48 AVR_FreeRTOS/queue.o
 .text.xQueuePeek
                0x00000000      0x122 AVR_FreeRTOS/queue.o
 .text.xQueueReceiveFromISR
                0x00000000       0x6e AVR_FreeRTOS/queue.o
 .text.xQueuePeekFromISR
                0x00000000       0x2e AVR_FreeRTOS/queue.o
 .text.uxQueueMessagesWaiting
                0x00000000       0x10 AVR_FreeRTOS/queue.o
 .text.uxQueueSpacesAvailable
                0x00000000       0x16 AVR_FreeRTOS/queue.o
 .text.uxQueueMessagesWaitingFromISR
                0x00000000        0x6 AVR_FreeRTOS/queue.o
 .text.vQueueDelete
                0x00000000        0x6 AVR_FreeRTOS/queue.o
 .text.xQueueIsQueueEmptyFromISR
                0x00000000       0x10 AVR_FreeRTOS/queue.o
 .text.xQueueIsQueueFullFromISR
                0x00000000       0x12 AVR_FreeRTOS/queue.o
 .text          0x00000000        0x0 AVR_FreeRTOS/stream_buffer.o
 .data          0x00000000        0x0 AVR_FreeRTOS/stream_buffer.o
 .bss           0x00000000        0x0 AVR_FreeRTOS/stream_buffer.o
 .text.prvBytesInBuffer
                0x00000000       0x26 AVR_FreeRTOS/stream_buffer.o
 .text.prvInitialiseNewStreamBuffer
                0x00000000       0x20 AVR_FreeRTOS/stream_buffer.o
 .text.prvWriteBytesToBuffer
                0x00000000       0x92 AVR_FreeRTOS/stream_buffer.o
 .text.prvWriteMessageToBuffer
                0x00000000       0x88 AVR_FreeRTOS/stream_buffer.o
 .text.prvReadBytesFromBuffer
                0x00000000       0x9e AVR_FreeRTOS/stream_buffer.o
 .text.prvReadMessageFromBuffer
                0x00000000       0x8c AVR_FreeRTOS/stream_buffer.o
 .text.xStreamBufferGenericCreate
                0x00000000       0x5a AVR_FreeRTOS/stream_buffer.o
 .text.vStreamBufferDelete
                0x00000000       0x1a AVR_FreeRTOS/stream_buffer.o
 .text.xStreamBufferReset
                0x00000000       0x3e AVR_FreeRTOS/stream_buffer.o
 .text.xStreamBufferSetTriggerLevel
                0x00000000       0x22 AVR_FreeRTOS/stream_buffer.o
 .text.xStreamBufferSpacesAvailable
                0x00000000       0x24 AVR_FreeRTOS/stream_buffer.o
 .text.xStreamBufferBytesAvailable
                0x00000000        0x6 AVR_FreeRTOS/stream_buffer.o
 .text.xStreamBufferSend
                0x00000000      0x14e AVR_FreeRTOS/stream_buffer.o
 .text.xStreamBufferSendFromISR
                0x00000000       0x8c AVR_FreeRTOS/stream_buffer.o
 .text.xStreamBufferReceive
                0x00000000       0xf8 AVR_FreeRTOS/stream_buffer.o
 .text.xStreamBufferNextMessageLengthBytes
                0x00000000       0x66 AVR_FreeRTOS/stream_buffer.o
 .text.xStreamBufferReceiveFromISR
                0x00000000       0x88 AVR_FreeRTOS/stream_buffer.o
 .text.xStreamBufferIsEmpty
                0x00000000       0x18 AVR_FreeRTOS/stream_buffer.o
 .text.xStreamBufferIsFull
                0x00000000       0x2c AVR_FreeRTOS/stream_buffer.o
 .text.xStreamBufferSendCompletedFromISR
                0x00000000       0x46 AVR_FreeRTOS/stream_buffer.o
 .text.xStreamBufferReceiveCompletedFromISR
                0x00000000       0x46 AVR_FreeRTOS/stream_buffer.o
 .debug_info    0x00000000     0x1398 AVR_FreeRTOS/stream_buffer.o
 .debug_abbrev  0x00000000      0x234 AVR_FreeRTOS/stream_buffer.o
 .debug_loc     0x00000000     0x1da2 AVR_FreeRTOS/stream_buffer.o
 .debug_aranges
                0x00000000       0xc0 AVR_FreeRTOS/stream_buffer.o
 .debug_ranges  0x00000000       0xb0 AVR_FreeRTOS/stream_buffer.o
 .debug_line    0x00000000      0x76e AVR_FreeRTOS/stream_buffer.o
 .debug_str     0x00000000      0x7b9 AVR_FreeRTOS/stream_buffer.o
 .comment       0x00000000       0x31 AVR_FreeRTOS/stream_buffer.o
 .debug_frame   0x00000000      0x3e8 AVR_FreeRTOS/stream_buffer.o
 .text          0x00000000        0x0 AVR_FreeRTOS/tasks.o
 .data          0x00000000        0x0 AVR_FreeRTOS/tasks.o
 .bss           0x00000000        0x0 AVR_FreeRTOS/tasks.o
 .text.prvTaskIsTaskSuspended
                0x00000000       0x2e AVR_FreeRTOS/tasks.o
 .text.prvTaskCheckFreeStackSpace
                0x00000000       0x1a AVR_FreeRTOS/tasks.o
 .text.vTaskDelete
                0x00000000       0xa2 AVR_FreeRTOS/tasks.o
 .text.uxTaskPriorityGet
                0x00000000       0x1e AVR_FreeRTOS/tasks.o
 .text.uxTaskPriorityGetFromISR
                0x00000000       0x14 AVR_FreeRTOS/tasks.o
 .text.vTaskPrioritySet
                0x00000000       0xfc AVR_FreeRTOS/tasks.o
 .text.vTaskResume
                0x00000000       0x84 AVR_FreeRTOS/tasks.o
 .text.xTaskResumeFromISR
                0x00000000       0x90 AVR_FreeRTOS/tasks.o
 .text.vTaskEndScheduler
                0x00000000        0xe AVR_FreeRTOS/tasks.o
 .text.xTaskGetTickCountFromISR
                0x00000000        0xa AVR_FreeRTOS/tasks.o
 .text.uxTaskGetNumberOfTasks
                0x00000000        0x6 AVR_FreeRTOS/tasks.o
 .text.pcTaskGetName
                0x00000000       0x10 AVR_FreeRTOS/tasks.o
 .text.vTaskDelayUntil
                0x00000000       0x82 AVR_FreeRTOS/tasks.o
 .text.vTaskDelay
                0x00000000       0x2c AVR_FreeRTOS/tasks.o
 .text.xTaskCatchUpTicks
                0x00000000       0x28 AVR_FreeRTOS/tasks.o
 .text.vTaskSuspend
                0x00000000       0xa4 AVR_FreeRTOS/tasks.o
 .text.vTaskPlaceOnUnordeYellowEventList
                0x00000000       0x32 AVR_FreeRTOS/tasks.o
 .text.vTaskRemoveFromUnordeYellowEventList
                0x00000000       0x70 AVR_FreeRTOS/tasks.o
 .text.vTaskSetTimeOutState
                0x00000000       0x20 AVR_FreeRTOS/tasks.o
 .text.uxTaskGetStackHighWaterMark
                0x00000000       0x18 AVR_FreeRTOS/tasks.o
 .text.xTaskGetCurrentTaskHandle
                0x00000000        0xa AVR_FreeRTOS/tasks.o
 .text.xTaskPriorityInherit
                0x00000000       0xe4 AVR_FreeRTOS/tasks.o
 .text.vTaskPriorityDisinheritAfterTimeout
                0x00000000       0xa0 AVR_FreeRTOS/tasks.o
 .text.uxTaskResetEventItemValue
                0x00000000       0x2e AVR_FreeRTOS/tasks.o
 .text.pvTaskIncrementMutexHeldCount
                0x00000000       0x24 AVR_FreeRTOS/tasks.o
 .text.ulTaskNotifyTake
                0x00000000       0xae AVR_FreeRTOS/tasks.o
 .text.xTaskNotifyWait
                0x00000000      0x108 AVR_FreeRTOS/tasks.o
 .text.xTaskGenericNotify
                0x00000000      0x10a AVR_FreeRTOS/tasks.o
 .text.xTaskGenericNotifyFromISR
                0x00000000      0x12e AVR_FreeRTOS/tasks.o
 .text.vTaskNotifyGiveFromISR
                0x00000000       0xb4 AVR_FreeRTOS/tasks.o
 .text.xTaskNotifyStateClear
                0x00000000       0x28 AVR_FreeRTOS/tasks.o
 .text.ulTaskNotifyValueClear
                0x00000000       0x66 AVR_FreeRTOS/tasks.o
 .text          0x00000000        0x0 AVR_FreeRTOS/timers.o
 .data          0x00000000        0x0 AVR_FreeRTOS/timers.o
 .bss           0x00000000        0x0 AVR_FreeRTOS/timers.o
 .text.prvInitialiseNewTimer
                0x00000000       0x6a AVR_FreeRTOS/timers.o
 .text.xTimerCreate
                0x00000000       0x5e AVR_FreeRTOS/timers.o
 .text.xTimerGetTimerDaemonTaskHandle
                0x00000000        0xa AVR_FreeRTOS/timers.o
 .text.xTimerGetPeriod
                0x00000000        0x8 AVR_FreeRTOS/timers.o
 .text.vTimerSetReloadMode
                0x00000000       0x22 AVR_FreeRTOS/timers.o
 .text.uxTimerGetReloadMode
                0x00000000       0x1a AVR_FreeRTOS/timers.o
 .text.xTimerGetExpiryTime
                0x00000000        0x8 AVR_FreeRTOS/timers.o
 .text.pcTimerGetName
                0x00000000        0x8 AVR_FreeRTOS/timers.o
 .text.xTimerIsTimerActive
                0x00000000       0x1a AVR_FreeRTOS/timers.o
 .text.pvTimerGetTimerID
                0x00000000       0x12 AVR_FreeRTOS/timers.o
 .text.vTimerSetTimerID
                0x00000000       0x12 AVR_FreeRTOS/timers.o
 .text          0x00000000        0x0 main.o
 .data          0x00000000        0x0 main.o
 .bss           0x00000000        0x0 main.o
 .text          0x00000000        0x0 c:/program files (x86)/atmel/studio/7.0/toolchain/avr8/avr8-gnu-toolchain/bin/../lib/gcc/avr/5.4.0/avr5\libgcc.a(_exit.o)
 .data          0x00000000        0x0 c:/program files (x86)/atmel/studio/7.0/toolchain/avr8/avr8-gnu-toolchain/bin/../lib/gcc/avr/5.4.0/avr5\libgcc.a(_exit.o)
 .bss           0x00000000        0x0 c:/program files (x86)/atmel/studio/7.0/toolchain/avr8/avr8-gnu-toolchain/bin/../lib/gcc/avr/5.4.0/avr5\libgcc.a(_exit.o)
 .text.libgcc.mul
                0x00000000        0x0 c:/program files (x86)/atmel/studio/7.0/toolchain/avr8/avr8-gnu-toolchain/bin/../lib/gcc/avr/5.4.0/avr5\libgcc.a(_exit.o)
 .text.libgcc.div
                0x00000000        0x0 c:/program files (x86)/atmel/studio/7.0/toolchain/avr8/avr8-gnu-toolchain/bin/../lib/gcc/avr/5.4.0/avr5\libgcc.a(_exit.o)
 .text.libgcc   0x00000000        0x0 c:/program files (x86)/atmel/studio/7.0/toolchain/avr8/avr8-gnu-toolchain/bin/../lib/gcc/avr/5.4.0/avr5\libgcc.a(_exit.o)
 .text.libgcc.prologue
                0x00000000        0x0 c:/program files (x86)/atmel/studio/7.0/toolchain/avr8/avr8-gnu-toolchain/bin/../lib/gcc/avr/5.4.0/avr5\libgcc.a(_exit.o)
 .text.libgcc.builtins
                0x00000000        0x0 c:/program files (x86)/atmel/studio/7.0/toolchain/avr8/avr8-gnu-toolchain/bin/../lib/gcc/avr/5.4.0/avr5\libgcc.a(_exit.o)
 .text.libgcc.fmul
                0x00000000        0x0 c:/program files (x86)/atmel/studio/7.0/toolchain/avr8/avr8-gnu-toolchain/bin/../lib/gcc/avr/5.4.0/avr5\libgcc.a(_exit.o)
 .text.libgcc.fixed
                0x00000000        0x0 c:/program files (x86)/atmel/studio/7.0/toolchain/avr8/avr8-gnu-toolchain/bin/../lib/gcc/avr/5.4.0/avr5\libgcc.a(_exit.o)
 .text          0x00000000        0x0 c:/program files (x86)/atmel/studio/7.0/toolchain/avr8/avr8-gnu-toolchain/bin/../lib/gcc/avr/5.4.0/avr5\libgcc.a(_tablejump2.o)
 .data          0x00000000        0x0 c:/program files (x86)/atmel/studio/7.0/toolchain/avr8/avr8-gnu-toolchain/bin/../lib/gcc/avr/5.4.0/avr5\libgcc.a(_tablejump2.o)
 .bss           0x00000000        0x0 c:/program files (x86)/atmel/studio/7.0/toolchain/avr8/avr8-gnu-toolchain/bin/../lib/gcc/avr/5.4.0/avr5\libgcc.a(_tablejump2.o)
 .text.libgcc.mul
                0x00000000        0x0 c:/program files (x86)/atmel/studio/7.0/toolchain/avr8/avr8-gnu-toolchain/bin/../lib/gcc/avr/5.4.0/avr5\libgcc.a(_tablejump2.o)
 .text.libgcc.div
                0x00000000        0x0 c:/program files (x86)/atmel/studio/7.0/toolchain/avr8/avr8-gnu-toolchain/bin/../lib/gcc/avr/5.4.0/avr5\libgcc.a(_tablejump2.o)
 .text.libgcc.prologue
                0x00000000        0x0 c:/program files (x86)/atmel/studio/7.0/toolchain/avr8/avr8-gnu-toolchain/bin/../lib/gcc/avr/5.4.0/avr5\libgcc.a(_tablejump2.o)
 .text.libgcc.builtins
                0x00000000        0x0 c:/program files (x86)/atmel/studio/7.0/toolchain/avr8/avr8-gnu-toolchain/bin/../lib/gcc/avr/5.4.0/avr5\libgcc.a(_tablejump2.o)
 .text.libgcc.fmul
                0x00000000        0x0 c:/program files (x86)/atmel/studio/7.0/toolchain/avr8/avr8-gnu-toolchain/bin/../lib/gcc/avr/5.4.0/avr5\libgcc.a(_tablejump2.o)
 .text.libgcc.fixed
                0x00000000        0x0 c:/program files (x86)/atmel/studio/7.0/toolchain/avr8/avr8-gnu-toolchain/bin/../lib/gcc/avr/5.4.0/avr5\libgcc.a(_tablejump2.o)
 .text          0x00000000        0x0 c:/program files (x86)/atmel/studio/7.0/toolchain/avr8/avr8-gnu-toolchain/bin/../lib/gcc/avr/5.4.0/avr5\libgcc.a(_copy_data.o)
 .data          0x00000000        0x0 c:/program files (x86)/atmel/studio/7.0/toolchain/avr8/avr8-gnu-toolchain/bin/../lib/gcc/avr/5.4.0/avr5\libgcc.a(_copy_data.o)
 .bss           0x00000000        0x0 c:/program files (x86)/atmel/studio/7.0/toolchain/avr8/avr8-gnu-toolchain/bin/../lib/gcc/avr/5.4.0/avr5\libgcc.a(_copy_data.o)
 .text.libgcc.mul
                0x00000000        0x0 c:/program files (x86)/atmel/studio/7.0/toolchain/avr8/avr8-gnu-toolchain/bin/../lib/gcc/avr/5.4.0/avr5\libgcc.a(_copy_data.o)
 .text.libgcc.div
                0x00000000        0x0 c:/program files (x86)/atmel/studio/7.0/toolchain/avr8/avr8-gnu-toolchain/bin/../lib/gcc/avr/5.4.0/avr5\libgcc.a(_copy_data.o)
 .text.libgcc   0x00000000        0x0 c:/program files (x86)/atmel/studio/7.0/toolchain/avr8/avr8-gnu-toolchain/bin/../lib/gcc/avr/5.4.0/avr5\libgcc.a(_copy_data.o)
 .text.libgcc.prologue
                0x00000000        0x0 c:/program files (x86)/atmel/studio/7.0/toolchain/avr8/avr8-gnu-toolchain/bin/../lib/gcc/avr/5.4.0/avr5\libgcc.a(_copy_data.o)
 .text.libgcc.builtins
                0x00000000        0x0 c:/program files (x86)/atmel/studio/7.0/toolchain/avr8/avr8-gnu-toolchain/bin/../lib/gcc/avr/5.4.0/avr5\libgcc.a(_copy_data.o)
 .text.libgcc.fmul
                0x00000000        0x0 c:/program files (x86)/atmel/studio/7.0/toolchain/avr8/avr8-gnu-toolchain/bin/../lib/gcc/avr/5.4.0/avr5\libgcc.a(_copy_data.o)
 .text.libgcc.fixed
                0x00000000        0x0 c:/program files (x86)/atmel/studio/7.0/toolchain/avr8/avr8-gnu-toolchain/bin/../lib/gcc/avr/5.4.0/avr5\libgcc.a(_copy_data.o)
 .text          0x00000000        0x0 c:/program files (x86)/atmel/studio/7.0/toolchain/avr8/avr8-gnu-toolchain/bin/../lib/gcc/avr/5.4.0/avr5\libgcc.a(_clear_bss.o)
 .data          0x00000000        0x0 c:/program files (x86)/atmel/studio/7.0/toolchain/avr8/avr8-gnu-toolchain/bin/../lib/gcc/avr/5.4.0/avr5\libgcc.a(_clear_bss.o)
 .bss           0x00000000        0x0 c:/program files (x86)/atmel/studio/7.0/toolchain/avr8/avr8-gnu-toolchain/bin/../lib/gcc/avr/5.4.0/avr5\libgcc.a(_clear_bss.o)
 .text.libgcc.mul
                0x00000000        0x0 c:/program files (x86)/atmel/studio/7.0/toolchain/avr8/avr8-gnu-toolchain/bin/../lib/gcc/avr/5.4.0/avr5\libgcc.a(_clear_bss.o)
 .text.libgcc.div
                0x00000000        0x0 c:/program files (x86)/atmel/studio/7.0/toolchain/avr8/avr8-gnu-toolchain/bin/../lib/gcc/avr/5.4.0/avr5\libgcc.a(_clear_bss.o)
 .text.libgcc   0x00000000        0x0 c:/program files (x86)/atmel/studio/7.0/toolchain/avr8/avr8-gnu-toolchain/bin/../lib/gcc/avr/5.4.0/avr5\libgcc.a(_clear_bss.o)
 .text.libgcc.prologue
                0x00000000        0x0 c:/program files (x86)/atmel/studio/7.0/toolchain/avr8/avr8-gnu-toolchain/bin/../lib/gcc/avr/5.4.0/avr5\libgcc.a(_clear_bss.o)
 .text.libgcc.builtins
                0x00000000        0x0 c:/program files (x86)/atmel/studio/7.0/toolchain/avr8/avr8-gnu-toolchain/bin/../lib/gcc/avr/5.4.0/avr5\libgcc.a(_clear_bss.o)
 .text.libgcc.fmul
                0x00000000        0x0 c:/program files (x86)/atmel/studio/7.0/toolchain/avr8/avr8-gnu-toolchain/bin/../lib/gcc/avr/5.4.0/avr5\libgcc.a(_clear_bss.o)
 .text.libgcc.fixed
                0x00000000        0x0 c:/program files (x86)/atmel/studio/7.0/toolchain/avr8/avr8-gnu-toolchain/bin/../lib/gcc/avr/5.4.0/avr5\libgcc.a(_clear_bss.o)
 .text          0x00000000        0x0 c:/program files (x86)/atmel/studio/7.0/toolchain/avr8/avr8-gnu-toolchain/bin/../lib/gcc/avr/5.4.0/../../../../avr/lib/avr5\libc.a(malloc.o)
 .bss           0x00000000        0x0 c:/program files (x86)/atmel/studio/7.0/toolchain/avr8/avr8-gnu-toolchain/bin/../lib/gcc/avr/5.4.0/../../../../avr/lib/avr5\libc.a(malloc.o)
 .text          0x00000000        0x0 c:/program files (x86)/atmel/studio/7.0/toolchain/avr8/avr8-gnu-toolchain/bin/../lib/gcc/avr/5.4.0/../../../../avr/lib/avr5\libc.a(memcpy.o)
 .data          0x00000000        0x0 c:/program files (x86)/atmel/studio/7.0/toolchain/avr8/avr8-gnu-toolchain/bin/../lib/gcc/avr/5.4.0/../../../../avr/lib/avr5\libc.a(memcpy.o)
 .bss           0x00000000        0x0 c:/program files (x86)/atmel/studio/7.0/toolchain/avr8/avr8-gnu-toolchain/bin/../lib/gcc/avr/5.4.0/../../../../avr/lib/avr5\libc.a(memcpy.o)
 .text          0x00000000        0x0 c:/program files (x86)/atmel/studio/7.0/toolchain/avr8/avr8-gnu-toolchain/bin/../lib/gcc/avr/5.4.0/../../../../avr/lib/avr5\libc.a(memset.o)
 .data          0x00000000        0x0 c:/program files (x86)/atmel/studio/7.0/toolchain/avr8/avr8-gnu-toolchain/bin/../lib/gcc/avr/5.4.0/../../../../avr/lib/avr5\libc.a(memset.o)
 .bss           0x00000000        0x0 c:/program files (x86)/atmel/studio/7.0/toolchain/avr8/avr8-gnu-toolchain/bin/../lib/gcc/avr/5.4.0/../../../../avr/lib/avr5\libc.a(memset.o)

Memory Configuration

Name             Origin             Length             Attributes
text             0x00000000         0x00008000         xr
data             0x00800100         0x00000800         rw !x
eeprom           0x00810000         0x00000400         rw !x
fuse             0x00820000         0x00000003         rw !x
lock             0x00830000         0x00000400         rw !x
signature        0x00840000         0x00000400         rw !x
user_signatures  0x00850000         0x00000400         rw !x
*default*        0x00000000         0xffffffff

Linker script and memory map

Address of section .data set to 0x800100
LOAD C:/Program Files (x86)/Atmel/Studio/7.0/Packs/atmel/ATmega_DFP/1.6.364/gcc/dev/atmega328p/avr5/crtatmega328p.o
LOAD AVR_FreeRTOS/croutine.o
LOAD AVR_FreeRTOS/event_groups.o
LOAD AVR_FreeRTOS/heap_3.o
LOAD AVR_FreeRTOS/hooks.o
LOAD AVR_FreeRTOS/library.o
LOAD AVR_FreeRTOS/list.o
LOAD AVR_FreeRTOS/port.o
LOAD AVR_FreeRTOS/queue.o
LOAD AVR_FreeRTOS/stream_buffer.o
LOAD AVR_FreeRTOS/tasks.o
LOAD AVR_FreeRTOS/timers.o
LOAD main.o
START GROUP
LOAD c:/program files (x86)/atmel/studio/7.0/toolchain/avr8/avr8-gnu-toolchain/bin/../lib/gcc/avr/5.4.0/../../../../avr/lib/avr5\libm.a
END GROUP
START GROUP
LOAD c:/program files (x86)/atmel/studio/7.0/toolchain/avr8/avr8-gnu-toolchain/bin/../lib/gcc/avr/5.4.0/avr5\libgcc.a
LOAD c:/program files (x86)/atmel/studio/7.0/toolchain/avr8/avr8-gnu-toolchain/bin/../lib/gcc/avr/5.4.0/../../../../avr/lib/avr5\libm.a
LOAD c:/program files (x86)/atmel/studio/7.0/toolchain/avr8/avr8-gnu-toolchain/bin/../lib/gcc/avr/5.4.0/../../../../avr/lib/avr5\libc.a
LOAD C:/Program Files (x86)/Atmel/Studio/7.0/Packs/atmel/ATmega_DFP/1.6.364/gcc/dev/atmega328p/avr5\libatmega328p.a
END GROUP
                0x00000000                __TEXT_REGION_ORIGIN__ = DEFINED (__TEXT_REGION_ORIGIN__)?__TEXT_REGION_ORIGIN__:0x0
                [0x00800100]                __DATA_REGION_ORIGIN__ = DEFINED (__DATA_REGION_ORIGIN__)?__DATA_REGION_ORIGIN__:0x800060
                [0x00008000]                __TEXT_REGION_LENGTH__ = DEFINED (__TEXT_REGION_LENGTH__)?__TEXT_REGION_LENGTH__:0x20000
                [0x00000800]                __DATA_REGION_LENGTH__ = DEFINED (__DATA_REGION_LENGTH__)?__DATA_REGION_LENGTH__:0xffa0
                [0x00000400]                __EEPROM_REGION_LENGTH__ = DEFINED (__EEPROM_REGION_LENGTH__)?__EEPROM_REGION_LENGTH__:0x10000
                [0x00000003]                __FUSE_REGION_LENGTH__ = DEFINED (__FUSE_REGION_LENGTH__)?__FUSE_REGION_LENGTH__:0x400
                0x00000400                __LOCK_REGION_LENGTH__ = DEFINED (__LOCK_REGION_LENGTH__)?__LOCK_REGION_LENGTH__:0x400
                0x00000400                __SIGNATURE_REGION_LENGTH__ = DEFINED (__SIGNATURE_REGION_LENGTH__)?__SIGNATURE_REGION_LENGTH__:0x400
                0x00000400                __USER_SIGNATURE_REGION_LENGTH__ = DEFINED (__USER_SIGNATURE_REGION_LENGTH__)?__USER_SIGNATURE_REGION_LENGTH__:0x400

.hash
 *(.hash)

.dynsym
 *(.dynsym)

.dynstr
 *(.dynstr)

.gnu.version
 *(.gnu.version)

.gnu.version_d
 *(.gnu.version_d)

.gnu.version_r
 *(.gnu.version_r)

.rel.init
 *(.rel.init)

.rela.init
 *(.rela.init)

.rel.text
 *(.rel.text)
 *(.rel.text.*)
 *(.rel.gnu.linkonce.t*)

.rela.text
 *(.rela.text)
 *(.rela.text.*)
 *(.rela.gnu.linkonce.t*)

.rel.fini
 *(.rel.fini)

.rela.fini
 *(.rela.fini)

.rel.rodata
 *(.rel.rodata)
 *(.rel.rodata.*)
 *(.rel.gnu.linkonce.r*)

.rela.rodata
 *(.rela.rodata)
 *(.rela.rodata.*)
 *(.rela.gnu.linkonce.r*)

.rel.data
 *(.rel.data)
 *(.rel.data.*)
 *(.rel.gnu.linkonce.d*)

.rela.data
 *(.rela.data)
 *(.rela.data.*)
 *(.rela.gnu.linkonce.d*)

.rel.ctors
 *(.rel.ctors)

.rela.ctors
 *(.rela.ctors)

.rel.dtors
 *(.rel.dtors)

.rela.dtors
 *(.rela.dtors)

.rel.got
 *(.rel.got)

.rela.got
 *(.rela.got)

.rel.bss
 *(.rel.bss)

.rela.bss
 *(.rela.bss)

.rel.plt
 *(.rel.plt)

.rela.plt
 *(.rela.plt)

.text           0x00000000     0x1cda
 *(.vectors)
 .vectors       0x00000000       0x68 C:/Program Files (x86)/Atmel/Studio/7.0/Packs/atmel/ATmega_DFP/1.6.364/gcc/dev/atmega328p/avr5/crtatmega328p.o
                0x00000000                __vector_default
                0x00000000                __vectors
 *(.vectors)
 *(.progmem.gcc*)
 .progmem.gcc_sw_table.prvProcessReceivedCommands
                0x00000068       0x14 AVR_FreeRTOS/timers.o
                0x0000007c                . = ALIGN (0x2)
                0x0000007c                __trampolines_start = .
 *(.trampolines)
 .trampolines   0x0000007c        0x0 linker stubs
 *(.trampolines*)
                0x0000007c                __trampolines_end = .
 *libprintf_flt.a:*(.progmem.data)
 *libc.a:*(.progmem.data)
 *(.progmem*)
                0x0000007c                . = ALIGN (0x2)
 *(.jumptables)
 *(.jumptables*)
 *(.lowtext)
 *(.lowtext*)
                0x0000007c                __ctors_start = .
 *(.ctors)
                0x0000007c                __ctors_end = .
                0x0000007c                __dtors_start = .
 *(.dtors)
                0x0000007c                __dtors_end = .
 SORT(*)(.ctors)
 SORT(*)(.dtors)
 *(.init0)
 .init0         0x0000007c        0x0 C:/Program Files (x86)/Atmel/Studio/7.0/Packs/atmel/ATmega_DFP/1.6.364/gcc/dev/atmega328p/avr5/crtatmega328p.o
                0x0000007c                __init
 *(.init0)
 *(.init1)
 *(.init1)
 *(.init2)
 .init2         0x0000007c        0xc C:/Program Files (x86)/Atmel/Studio/7.0/Packs/atmel/ATmega_DFP/1.6.364/gcc/dev/atmega328p/avr5/crtatmega328p.o
 *(.init2)
 *(.init3)
 *(.init3)
 *(.init4)
 .init4         0x00000088       0x16 c:/program files (x86)/atmel/studio/7.0/toolchain/avr8/avr8-gnu-toolchain/bin/../lib/gcc/avr/5.4.0/avr5\libgcc.a(_copy_data.o)
                0x00000088                __do_copy_data
 .init4         0x0000009e       0x10 c:/program files (x86)/atmel/studio/7.0/toolchain/avr8/avr8-gnu-toolchain/bin/../lib/gcc/avr/5.4.0/avr5\libgcc.a(_clear_bss.o)
                0x0000009e                __do_clear_bss
 *(.init4)
 *(.init5)
 *(.init5)
 *(.init6)
 *(.init6)
 *(.init7)
 *(.init7)
 *(.init8)
 *(.init8)
 *(.init9)
 .init9         0x000000ae        0x8 C:/Program Files (x86)/Atmel/Studio/7.0/Packs/atmel/ATmega_DFP/1.6.364/gcc/dev/atmega328p/avr5/crtatmega328p.o
 *(.init9)
 *(.text)
 .text          0x000000b6        0x4 C:/Program Files (x86)/Atmel/Studio/7.0/Packs/atmel/ATmega_DFP/1.6.364/gcc/dev/atmega328p/avr5/crtatmega328p.o
                0x000000b6                __vector_22
                0x000000b6                __vector_1
                0x000000b6                __vector_24
                0x000000b6                __vector_12
                0x000000b6                __bad_interrupt
                0x000000b6                __vector_3
                0x000000b6                __vector_23
                0x000000b6                __vector_25
                0x000000b6                __vector_11
                0x000000b6                __vector_13
                0x000000b6                __vector_17
                0x000000b6                __vector_19
                0x000000b6                __vector_7
                0x000000b6                __vector_5
                0x000000b6                __vector_4
                0x000000b6                __vector_9
                0x000000b6                __vector_2
                0x000000b6                __vector_21
                0x000000b6                __vector_15
                0x000000b6                __vector_8
                0x000000b6                __vector_14
                0x000000b6                __vector_10
                0x000000b6                __vector_16
                0x000000b6                __vector_18
                0x000000b6                __vector_20
                0x000000ba                . = ALIGN (0x2)
 *(.text.*)
 .text.pvPortMalloc
                0x000000ba       0x26 AVR_FreeRTOS/heap_3.o
                0x000000ba                pvPortMalloc
 .text.vPortFree
                0x000000e0       0x1e AVR_FreeRTOS/heap_3.o
                0x000000e0                vPortFree
 .text.vApplicationIdleHook
                0x000000fe       0x38 AVR_FreeRTOS/hooks.o
                0x000000fe                vApplicationIdleHook
 .text.vApplicationMallocFailedHook
                0x00000136       0x20 AVR_FreeRTOS/hooks.o
                0x00000136                vApplicationMallocFailedHook
 .text.vApplicationStackOverflowHook
                0x00000156       0x26 AVR_FreeRTOS/hooks.o
                0x00000156                vApplicationStackOverflowHook
 .text.vListInitialise
                0x0000017c       0x1c AVR_FreeRTOS/list.o
                0x0000017c                vListInitialise
 .text.vListInitialiseItem
                0x00000198        0x8 AVR_FreeRTOS/list.o
                0x00000198                vListInitialiseItem
 .text.vListInsertEnd
                0x000001a0       0x42 AVR_FreeRTOS/list.o
                0x000001a0                vListInsertEnd
 .text.vListInsert
                0x000001e2       0x62 AVR_FreeRTOS/list.o
                0x000001e2                vListInsert
 .text.uxListRemove
                0x00000244       0x4e AVR_FreeRTOS/list.o
                0x00000244                uxListRemove
 .text.prvSetupTimerInterrupt
                0x00000292       0x18 AVR_FreeRTOS/port.o
 .text.pxPortInitialiseStack
                0x000002aa       0x22 AVR_FreeRTOS/port.o
                0x000002aa                pxPortInitialiseStack
 .text.xPortStartScheduler
                0x000002cc       0x5e AVR_FreeRTOS/port.o
                0x000002cc                xPortStartScheduler
 .text.vPortYield
                0x0000032a       0xb2 AVR_FreeRTOS/port.o
                0x0000032a                vPortYield
 .text.vPortYieldFromTick
                0x000003dc       0xba AVR_FreeRTOS/port.o
                0x000003dc                vPortYieldFromTick
 .text.__vector_6
                0x00000496        0x6 AVR_FreeRTOS/port.o
                0x00000496                __vector_6
 .text.prvIsQueueEmpty
                0x0000049c       0x1a AVR_FreeRTOS/queue.o
 .text.prvIsQueueFull
                0x000004b6       0x1c AVR_FreeRTOS/queue.o
 .text.prvCopyDataToQueue
                0x000004d2       0xbe AVR_FreeRTOS/queue.o
 .text.prvCopyDataFromQueue
                0x00000590       0x34 AVR_FreeRTOS/queue.o
 .text.prvUnlockQueue
                0x000005c4       0x68 AVR_FreeRTOS/queue.o
 .text.xQueueGenericReset
                0x0000062c       0x8c AVR_FreeRTOS/queue.o
                0x0000062c                xQueueGenericReset
 .text.prvInitialiseNewQueue
                0x000006b8       0x26 AVR_FreeRTOS/queue.o
 .text.xQueueGenericCreate
                0x000006de       0x4a AVR_FreeRTOS/queue.o
                0x000006de                xQueueGenericCreate
 .text.xQueueGenericSend
                0x00000728      0x124 AVR_FreeRTOS/queue.o
                0x00000728                xQueueGenericSend
 .text.xQueueGenericSendFromISR
                0x0000084c       0x78 AVR_FreeRTOS/queue.o
                0x0000084c                xQueueGenericSendFromISR
 .text.xQueueReceive
                0x000008c4      0x11e AVR_FreeRTOS/queue.o
                0x000008c4                xQueueReceive
 .text.vQueueWaitForMessageRestricted
                0x000009e2       0x3a AVR_FreeRTOS/queue.o
                0x000009e2                vQueueWaitForMessageRestricted
 .text.prvResetNextTaskUnblockTime
                0x00000a1c       0x3e AVR_FreeRTOS/tasks.o
 .text.prvDeleteTCB
                0x00000a5a       0x1a AVR_FreeRTOS/tasks.o
 .text.prvInitialiseNewTask
                0x00000a74       0xea AVR_FreeRTOS/tasks.o
 .text.prvInitialiseTaskLists
                0x00000b5e       0x6e AVR_FreeRTOS/tasks.o
 .text.prvAddNewTaskToReadyList
                0x00000bcc       0xb8 AVR_FreeRTOS/tasks.o
 .text.prvCheckTasksWaitingTermination
                0x00000c84       0x4c AVR_FreeRTOS/tasks.o
 .text.prvAddCurrentTaskToDelayedList
                0x00000cd0       0xb0 AVR_FreeRTOS/tasks.o
 .text.prvIdleTask
                0x00000d80       0x16 AVR_FreeRTOS/tasks.o
 .text.xTaskCreate
                0x00000d96       0x9c AVR_FreeRTOS/tasks.o
                0x00000d96                xTaskCreate
 .text.vTaskStartScheduler
                0x00000e32       0x5c AVR_FreeRTOS/tasks.o
                0x00000e32                vTaskStartScheduler
 .text.vTaskSuspendAll
                0x00000e8e        0xc AVR_FreeRTOS/tasks.o
                0x00000e8e                vTaskSuspendAll
 .text.xTaskGetTickCount
                0x00000e9a       0x14 AVR_FreeRTOS/tasks.o
                0x00000e9a                xTaskGetTickCount
 .text.xTaskIncrementTick
                0x00000eae      0x17c AVR_FreeRTOS/tasks.o
                0x00000eae                xTaskIncrementTick
 .text.xTaskResumeAll
                0x0000102a       0xec AVR_FreeRTOS/tasks.o
                0x0000102a                xTaskResumeAll
 .text.vTaskSwitchContext
                0x00001116       0xde AVR_FreeRTOS/tasks.o
                0x00001116                vTaskSwitchContext
 .text.vTaskPlaceOnEventList
                0x000011f4       0x24 AVR_FreeRTOS/tasks.o
                0x000011f4                vTaskPlaceOnEventList
 .text.vTaskPlaceOnEventListRestricted
                0x00001218       0x32 AVR_FreeRTOS/tasks.o
                0x00001218                vTaskPlaceOnEventListRestricted
 .text.xTaskRemoveFromEventList
                0x0000124a       0x90 AVR_FreeRTOS/tasks.o
                0x0000124a                xTaskRemoveFromEventList
 .text.vTaskInternalSetTimeOutState
                0x000012da       0x16 AVR_FreeRTOS/tasks.o
                0x000012da                vTaskInternalSetTimeOutState
 .text.xTaskCheckForTimeOut
                0x000012f0       0x78 AVR_FreeRTOS/tasks.o
                0x000012f0                xTaskCheckForTimeOut
 .text.vTaskMissedYield
                0x00001368        0x8 AVR_FreeRTOS/tasks.o
                0x00001368                vTaskMissedYield
 .text.xTaskGetSchedulerState
                0x00001370       0x1c AVR_FreeRTOS/tasks.o
                0x00001370                xTaskGetSchedulerState
 .text.xTaskPriorityDisinherit
                0x0000138c       0x80 AVR_FreeRTOS/tasks.o
                0x0000138c                xTaskPriorityDisinherit
 .text.prvGetNextExpireTime
                0x0000140c       0x2a AVR_FreeRTOS/timers.o
 .text.prvInsertTimerInActiveList
                0x00001436       0x5e AVR_FreeRTOS/timers.o
 .text.prvCheckForValidListAndQueue
                0x00001494       0x52 AVR_FreeRTOS/timers.o
 .text.xTimerCreateTimerTask
                0x000014e6       0x44 AVR_FreeRTOS/timers.o
                0x000014e6                xTimerCreateTimerTask
 .text.xTimerGenericCommand
                0x0000152a       0x90 AVR_FreeRTOS/timers.o
                0x0000152a                xTimerGenericCommand
 .text.prvSwitchTimerLists
                0x000015ba       0xa2 AVR_FreeRTOS/timers.o
 .text.prvSampleTimeNow
                0x0000165c       0x42 AVR_FreeRTOS/timers.o
 .text.prvProcessExpiYellowTimer
                0x0000169e       0x74 AVR_FreeRTOS/timers.o
 .text.prvProcessTimerOrBlockTask
                0x00001712       0x90 AVR_FreeRTOS/timers.o
 .text.prvProcessReceivedCommands
                0x000017a2      0x12a AVR_FreeRTOS/timers.o
 .text.prvTimerTask
                0x000018cc       0x1e AVR_FreeRTOS/timers.o
 .text.taskAFunction
                0x000018ea       0x5e main.o
                0x000018ea                taskAFunction
 .text.taskBFunction
                0x00001948       0x60 main.o
                0x00001948                taskBFunction
 .text.taskCFunction
                0x000019a8       0x60 main.o
                0x000019a8                taskCFunction
 .text.setup    0x00001a08       0x14 main.o
                0x00001a08                setup
 .text.main     0x00001a1c       0x4c main.o
                0x00001a1c                main
 .text.libgcc   0x00001a68        0xc c:/program files (x86)/atmel/studio/7.0/toolchain/avr8/avr8-gnu-toolchain/bin/../lib/gcc/avr/5.4.0/avr5\libgcc.a(_tablejump2.o)
                0x00001a68                __tablejump2__
 .text.avr-libc
                0x00001a74      0x242 c:/program files (x86)/atmel/studio/7.0/toolchain/avr8/avr8-gnu-toolchain/bin/../lib/gcc/avr/5.4.0/../../../../avr/lib/avr5\libc.a(malloc.o)
                0x00001a74                malloc
                0x00001ba4                free
 .text.avr-libc
                0x00001cb6       0x12 c:/program files (x86)/atmel/studio/7.0/toolchain/avr8/avr8-gnu-toolchain/bin/../lib/gcc/avr/5.4.0/../../../../avr/lib/avr5\libc.a(memcpy.o)
                0x00001cb6                memcpy
 .text.avr-libc
                0x00001cc8        0xe c:/program files (x86)/atmel/studio/7.0/toolchain/avr8/avr8-gnu-toolchain/bin/../lib/gcc/avr/5.4.0/../../../../avr/lib/avr5\libc.a(memset.o)
                0x00001cc8                memset
                0x00001cd6                . = ALIGN (0x2)
 *(.fini9)
 .fini9         0x00001cd6        0x0 c:/program files (x86)/atmel/studio/7.0/toolchain/avr8/avr8-gnu-toolchain/bin/../lib/gcc/avr/5.4.0/avr5\libgcc.a(_exit.o)
                0x00001cd6                _exit
                0x00001cd6                exit
 *(.fini9)
 *(.fini8)
 *(.fini8)
 *(.fini7)
 *(.fini7)
 *(.fini6)
 *(.fini6)
 *(.fini5)
 *(.fini5)
 *(.fini4)
 *(.fini4)
 *(.fini3)
 *(.fini3)
 *(.fini2)
 *(.fini2)
 *(.fini1)
 *(.fini1)
 *(.fini0)
 .fini0         0x00001cd6        0x4 c:/program files (x86)/atmel/studio/7.0/toolchain/avr8/avr8-gnu-toolchain/bin/../lib/gcc/avr/5.4.0/avr5\libgcc.a(_exit.o)
 *(.fini0)
                0x00001cda                _etext = .

.data           0x00800100       0x28 load address 0x00001cda
                0x00800100                PROVIDE (__data_start, .)
 *(.data)
 .data          0x00800100        0x6 c:/program files (x86)/atmel/studio/7.0/toolchain/avr8/avr8-gnu-toolchain/bin/../lib/gcc/avr/5.4.0/../../../../avr/lib/avr5\libc.a(malloc.o)
                0x00800100                __malloc_heap_end
                0x00800102                __malloc_heap_start
                0x00800104                __malloc_margin
 *(.data*)
 *(.gnu.linkonce.d*)
 *(.rodata)
 *(.rodata*)
 .rodata.str1.1
                0x00800106        0x5 AVR_FreeRTOS/tasks.o
 .rodata.str1.1
                0x0080010b        0x8 AVR_FreeRTOS/timers.o
 .rodata.str1.1
                0x00800113       0x15 main.o
 *(.gnu.linkonce.r*)
                0x00800128                . = ALIGN (0x2)
                0x00800128                _edata = .
                0x00800128                PROVIDE (__data_end, .)

.bss            0x00800128       0x87
                0x00800128                PROVIDE (__bss_start, .)
 *(.bss)
 *(.bss*)
 .bss.uxSchedulerSuspended
                0x00800128        0x1 AVR_FreeRTOS/tasks.o
 .bss.xIdleTaskHandle
                0x00800129        0x2 AVR_FreeRTOS/tasks.o
 .bss.xNextTaskUnblockTime
                0x0080012b        0x2 AVR_FreeRTOS/tasks.o
 .bss.uxTaskNumber
                0x0080012d        0x1 AVR_FreeRTOS/tasks.o
 .bss.xNumOfOverflows
                0x0080012e        0x1 AVR_FreeRTOS/tasks.o
 .bss.xYieldPending
                0x0080012f        0x1 AVR_FreeRTOS/tasks.o
 .bss.xPendedTicks
                0x00800130        0x2 AVR_FreeRTOS/tasks.o
 .bss.xSchedulerRunning
                0x00800132        0x1 AVR_FreeRTOS/tasks.o
 .bss.uxTopReadyPriority
                0x00800133        0x1 AVR_FreeRTOS/tasks.o
 .bss.xTickCount
                0x00800134        0x2 AVR_FreeRTOS/tasks.o
 .bss.uxCurrentNumberOfTasks
                0x00800136        0x1 AVR_FreeRTOS/tasks.o
 .bss.xSuspendedTaskList
                0x00800137        0x9 AVR_FreeRTOS/tasks.o
 .bss.uxDeletedTasksWaitingCleanUp
                0x00800140        0x1 AVR_FreeRTOS/tasks.o
 .bss.xTasksWaitingTermination
                0x00800141        0x9 AVR_FreeRTOS/tasks.o
 .bss.xPendingReadyList
                0x0080014a        0x9 AVR_FreeRTOS/tasks.o
 .bss.pxOverflowDelayedTaskList
                0x00800153        0x2 AVR_FreeRTOS/tasks.o
 .bss.pxDelayedTaskList
                0x00800155        0x2 AVR_FreeRTOS/tasks.o
 .bss.xDelayedTaskList2
                0x00800157        0x9 AVR_FreeRTOS/tasks.o
 .bss.xDelayedTaskList1
                0x00800160        0x9 AVR_FreeRTOS/tasks.o
 .bss.pxReadyTasksLists
                0x00800169       0x24 AVR_FreeRTOS/tasks.o
 .bss.pxCurrentTCB
                0x0080018d        0x2 AVR_FreeRTOS/tasks.o
                0x0080018d                pxCurrentTCB
 .bss.xLastTime.2416
                0x0080018f        0x2 AVR_FreeRTOS/timers.o
 .bss.xTimerTaskHandle
                0x00800191        0x2 AVR_FreeRTOS/timers.o
 .bss.xTimerQueue
                0x00800193        0x2 AVR_FreeRTOS/timers.o
 .bss.pxOverflowTimerList
                0x00800195        0x2 AVR_FreeRTOS/timers.o
 .bss.pxCurrentTimerList
                0x00800197        0x2 AVR_FreeRTOS/timers.o
 .bss.xActiveTimerList2
                0x00800199        0x9 AVR_FreeRTOS/timers.o
 .bss.xActiveTimerList1
                0x008001a2        0x9 AVR_FreeRTOS/timers.o
 *(COMMON)
 COMMON         0x008001ab        0x4 c:/program files (x86)/atmel/studio/7.0/toolchain/avr8/avr8-gnu-toolchain/bin/../lib/gcc/avr/5.4.0/../../../../avr/lib/avr5\libc.a(malloc.o)
                0x008001ab                __brkval
                0x008001ad                __flp
                0x008001af                PROVIDE (__bss_end, .)
                0x00001cda                __data_load_start = LOADADDR (.data)
                0x00001d02                __data_load_end = (__data_load_start + SIZEOF (.data))

.noinit         0x008001af        0x0
                [!provide]                PROVIDE (__noinit_start, .)
 *(.noinit*)
                [!provide]                PROVIDE (__noinit_end, .)
                0x008001af                _end = .
                0x008001af                PROVIDE (__heap_start, .)

.eeprom         0x00810000        0x0
 *(.eeprom*)
                0x00810000                __eeprom_end = .

.fuse
 *(.fuse)
 *(.lfuse)
 *(.hfuse)
 *(.efuse)

.lock
 *(.lock*)

.signature
 *(.signature*)

.user_signatures
 *(.user_signatures*)

.stab
 *(.stab)

.stabstr
 *(.stabstr)

.stab.excl
 *(.stab.excl)

.stab.exclstr
 *(.stab.exclstr)

.stab.index
 *(.stab.index)

.stab.indexstr
 *(.stab.indexstr)

.comment        0x00000000       0x30
 *(.comment)
 .comment       0x00000000       0x30 AVR_FreeRTOS/heap_3.o
                                 0x31 (size before relaxing)
 .comment       0x00000030       0x31 AVR_FreeRTOS/hooks.o
 .comment       0x00000030       0x31 AVR_FreeRTOS/list.o
 .comment       0x00000030       0x31 AVR_FreeRTOS/port.o
 .comment       0x00000030       0x31 AVR_FreeRTOS/queue.o
 .comment       0x00000030       0x31 AVR_FreeRTOS/tasks.o
 .comment       0x00000030       0x31 AVR_FreeRTOS/timers.o
 .comment       0x00000030       0x31 main.o
 .comment       0x00000030       0x31 c:/program files (x86)/atmel/studio/7.0/toolchain/avr8/avr8-gnu-toolchain/bin/../lib/gcc/avr/5.4.0/../../../../avr/lib/avr5\libc.a(malloc.o)

.note.gnu.avr.deviceinfo
                0x00000000       0x40
 .note.gnu.avr.deviceinfo
                0x00000000       0x40 C:/Program Files (x86)/Atmel/Studio/7.0/Packs/atmel/ATmega_DFP/1.6.364/gcc/dev/atmega328p/avr5/crtatmega328p.o

.note.gnu.build-id
 *(.note.gnu.build-id)

.debug
 *(.debug)

.line
 *(.line)

.debug_srcinfo
 *(.debug_srcinfo)

.debug_sfnames
 *(.debug_sfnames)

.debug_aranges  0x00000000      0x4c8
 *(.debug_aranges)
 .debug_aranges
                0x00000000       0x28 AVR_FreeRTOS/heap_3.o
 .debug_aranges
                0x00000028       0x30 AVR_FreeRTOS/hooks.o
 .debug_aranges
                0x00000058       0x40 AVR_FreeRTOS/list.o
 .debug_aranges
                0x00000098       0x58 AVR_FreeRTOS/port.o
 .debug_aranges
                0x000000f0      0x100 AVR_FreeRTOS/queue.o
 .debug_aranges
                0x000001f0      0x1d0 AVR_FreeRTOS/tasks.o
 .debug_aranges
                0x000003c0       0xc8 AVR_FreeRTOS/timers.o
 .debug_aranges
                0x00000488       0x40 main.o

.debug_pubnames
 *(.debug_pubnames)

.debug_info     0x00000000     0x5bee
 *(.debug_info .gnu.linkonce.wi.*)
 .debug_info    0x00000000      0x5f4 C:/Program Files (x86)/Atmel/Studio/7.0/Packs/atmel/ATmega_DFP/1.6.364/gcc/dev/atmega328p/avr5/crtatmega328p.o
 .debug_info    0x000005f4      0x19f AVR_FreeRTOS/heap_3.o
 .debug_info    0x00000793      0x1df AVR_FreeRTOS/hooks.o
 .debug_info    0x00000972      0x2e3 AVR_FreeRTOS/list.o
 .debug_info    0x00000c55      0x2c0 AVR_FreeRTOS/port.o
 .debug_info    0x00000f15     0x184a AVR_FreeRTOS/queue.o
 .debug_info    0x0000275f     0x20bb AVR_FreeRTOS/tasks.o
 .debug_info    0x0000481a     0x104d AVR_FreeRTOS/timers.o
 .debug_info    0x00005867      0x387 main.o

.debug_abbrev   0x00000000     0x12bf
 *(.debug_abbrev)
 .debug_abbrev  0x00000000      0x5a2 C:/Program Files (x86)/Atmel/Studio/7.0/Packs/atmel/ATmega_DFP/1.6.364/gcc/dev/atmega328p/avr5/crtatmega328p.o
 .debug_abbrev  0x000005a2      0x107 AVR_FreeRTOS/heap_3.o
 .debug_abbrev  0x000006a9       0xe9 AVR_FreeRTOS/hooks.o
 .debug_abbrev  0x00000792       0xff AVR_FreeRTOS/list.o
 .debug_abbrev  0x00000891      0x161 AVR_FreeRTOS/port.o
 .debug_abbrev  0x000009f2      0x26c AVR_FreeRTOS/queue.o
 .debug_abbrev  0x00000c5e      0x2c1 AVR_FreeRTOS/tasks.o
 .debug_abbrev  0x00000f1f      0x28c AVR_FreeRTOS/timers.o
 .debug_abbrev  0x000011ab      0x114 main.o

.debug_line     0x00000000     0x31fc
 *(.debug_line .debug_line.* .debug_line_end)
 .debug_line    0x00000000      0x134 C:/Program Files (x86)/Atmel/Studio/7.0/Packs/atmel/ATmega_DFP/1.6.364/gcc/dev/atmega328p/avr5/crtatmega328p.o
 .debug_line    0x00000134      0x175 AVR_FreeRTOS/heap_3.o
 .debug_line    0x000002a9      0x1bd AVR_FreeRTOS/hooks.o
 .debug_line    0x00000466      0x1da AVR_FreeRTOS/list.o
 .debug_line    0x00000640      0x287 AVR_FreeRTOS/port.o
 .debug_line    0x000008c7      0xc06 AVR_FreeRTOS/queue.o
 .debug_line    0x000014cd     0x145c AVR_FreeRTOS/tasks.o
 .debug_line    0x00002929      0x618 AVR_FreeRTOS/timers.o
 .debug_line    0x00002f41      0x2bb main.o

.debug_frame    0x00000000      0xf58
 *(.debug_frame)
 .debug_frame   0x00000000       0x4c AVR_FreeRTOS/heap_3.o
 .debug_frame   0x0000004c       0x44 AVR_FreeRTOS/hooks.o
 .debug_frame   0x00000090       0x88 AVR_FreeRTOS/list.o
 .debug_frame   0x00000118       0x94 AVR_FreeRTOS/port.o
 .debug_frame   0x000001ac      0x3ac AVR_FreeRTOS/queue.o
 .debug_frame   0x00000558      0x6c8 AVR_FreeRTOS/tasks.o
 .debug_frame   0x00000c20      0x2d4 AVR_FreeRTOS/timers.o
 .debug_frame   0x00000ef4       0x64 main.o

.debug_str      0x00000000     0x1bc2
 *(.debug_str)
 .debug_str     0x00000000      0x208 C:/Program Files (x86)/Atmel/Studio/7.0/Packs/atmel/ATmega_DFP/1.6.364/gcc/dev/atmega328p/avr5/crtatmega328p.o
 .debug_str     0x00000208      0x1c4 AVR_FreeRTOS/heap_3.o
                                0x1fd (size before relaxing)
 .debug_str     0x000003cc       0xe0 AVR_FreeRTOS/hooks.o
                                0x266 (size before relaxing)
 .debug_str     0x000004ac      0x14b AVR_FreeRTOS/list.o
                                0x2cb (size before relaxing)
 .debug_str     0x000005f7      0x141 AVR_FreeRTOS/port.o
                                0x2cd (size before relaxing)
 .debug_str     0x00000738      0x6a5 AVR_FreeRTOS/queue.o
                                0x997 (size before relaxing)
 .debug_str     0x00000ddd      0x93b AVR_FreeRTOS/tasks.o
                                0xee5 (size before relaxing)
 .debug_str     0x00001718      0x41e AVR_FreeRTOS/timers.o
                                0x845 (size before relaxing)
 .debug_str     0x00001b36       0x8c main.o
                                0x259 (size before relaxing)

.debug_loc      0x00000000     0x555a
 *(.debug_loc)
 .debug_loc     0x00000000      0x102 AVR_FreeRTOS/heap_3.o
 .debug_loc     0x00000102       0xb4 AVR_FreeRTOS/hooks.o
 .debug_loc     0x000001b6      0x145 AVR_FreeRTOS/list.o
 .debug_loc     0x000002fb       0xcf AVR_FreeRTOS/port.o
 .debug_loc     0x000003ca     0x1c27 AVR_FreeRTOS/queue.o
 .debug_loc     0x00001ff1     0x2409 AVR_FreeRTOS/tasks.o
 .debug_loc     0x000043fa      0xf4a AVR_FreeRTOS/timers.o
 .debug_loc     0x00005344      0x216 main.o

.debug_macinfo
 *(.debug_macinfo)

.debug_weaknames
 *(.debug_weaknames)

.debug_funcnames
 *(.debug_funcnames)

.debug_typenames
 *(.debug_typenames)

.debug_varnames
 *(.debug_varnames)

.debug_pubtypes
 *(.debug_pubtypes)

.debug_ranges   0x00000000      0x4d0
 *(.debug_ranges)
 .debug_ranges  0x00000000       0x18 AVR_FreeRTOS/heap_3.o
 .debug_ranges  0x00000018       0x20 AVR_FreeRTOS/hooks.o
 .debug_ranges  0x00000038       0x30 AVR_FreeRTOS/list.o
 .debug_ranges  0x00000068       0x48 AVR_FreeRTOS/port.o
 .debug_ranges  0x000000b0      0x138 AVR_FreeRTOS/queue.o
 .debug_ranges  0x000001e8      0x200 AVR_FreeRTOS/tasks.o
 .debug_ranges  0x000003e8       0xb8 AVR_FreeRTOS/timers.o
 .debug_ranges  0x000004a0       0x30 main.o

.debug_macro
 *(.debug_macro)
OUTPUT(Lab4-3.elf elf32-avr)
LOAD linker stubs
